<?xml version="1.0" encoding="UTF-8"?>
<testsuites name="Mocha Tests" time="23.3320" tests="4" failures="1">
  <testsuite name="Root Suite" timestamp="2021-01-19T13:37:10" tests="0" time="0.0000" failures="0">
  </testsuite>
  <testsuite name="Basic Tests" timestamp="2021-01-19T13:37:10" tests="4" file="D:\git\@gahjs\core\test\src\tests\gah.spec.ts" time="23.3320" failures="1">
    <testcase name="Basic Tests 1_install-works" time="6.6320" classname="1_install-works">
      <failure message="expected &apos;/*Tolearnmoreaboutthisfilesee:https://angular.io/config/tsconfig.*/{&quot;compileOnSave&quot;:false,&quot;compilerOptions&quot;:{&quot;baseUrl&quot;:&quot;./&quot;,&quot;outDir&quot;:&quot;./dist/out-tsc&quot;,&quot;sourceMap&quot;:true,&quot;declaration&quot;:false,&quot;downlevelIteration&quot;:true,&quot;resolveJsonModule&quot;:true,&quot;esModuleInterop&quot;:true,&quot;experimentalDecorators&quot;:true,&quot;module&quot;:&quot;es2020&quot;,&quot;moduleResolution&quot;:&quot;node&quot;,&quot;importHelpers&quot;:true,&quot;target&quot;:&quot;es2015&quot;,&quot;lib&quot;:[&quot;es2018&quot;,&quot;dom&quot;],&quot;paths&quot;:{&quot;@awdware/core&quot;:[&quot;src/app/.gah/dependencies/core/public-api&quot;,&quot;[gah]Thispropertywasgeneratedbygah&quot;],&quot;@awdware/shared&quot;:[&quot;src/app/.gah/dependencies/shared/public-api&quot;,&quot;[gah]Thispropertywasgeneratedbygah&quot;],&quot;@awdware/led&quot;:[&quot;src/app/.gah/dependencies/led/public-api&quot;,&quot;[gah]Thispropertywasgeneratedbygah&quot;],&quot;@awdware/blog&quot;:[&quot;src/app/.gah/dependencies/blog/public-api&quot;,&quot;[gah]Thispropertywasgeneratedbygah&quot;]}},&quot;angularCompilerOptions&quot;:{&quot;fullTemplateTypeCheck&quot;:true,&quot;strictInjectionParameters&quot;:true}}&apos; to be &apos;/*Tolearnmoreaboutthisfilesee:https://angular.io/config/tsconfig.*/{&quot;compileOnSave&quot;:false,&quot;compilerOptions&quot;:{&quot;baseUrl&quot;:&quot;./&quot;,&quot;outDir&quot;:&quot;./dist/out-tsc&quot;,&quot;sourceMap&quot;:true,&quot;declaration&quot;:false,&quot;downlevelIteration&quot;:true,&quot;resolveJsonModule&quot;:true,&quot;esModuleInterop&quot;:true,&quot;experimentalDecorators&quot;:true,&quot;module&quot;:&quot;es2020&quot;,&quot;moduleResolution&quot;:&quot;node&quot;,&quot;importHelpers&quot;:true,&quot;target&quot;:&quot;es2015&quot;,&quot;lib&quot;:[&quot;es2018&quot;,&quot;dom&quot;]},&quot;angularCompilerOptions&quot;:{&quot;fullTemplateTypeCheck&quot;:true,&quot;strictInjectionParameters&quot;:true}}&apos;" type="AssertionError"><![CDATA[AssertionError: expected '/*Tolearnmoreaboutthisfilesee:https://angular.io/config/tsconfig.*/{"compileOnSave":false,"compilerOptions":{"baseUrl":"./","outDir":"./dist/out-tsc","sourceMap":true,"declaration":false,"downlevelIteration":true,"resolveJsonModule":true,"esModuleInterop":true,"experimentalDecorators":true,"module":"es2020","moduleResolution":"node","importHelpers":true,"target":"es2015","lib":["es2018","dom"],"paths":{"@awdware/core":["src/app/.gah/dependencies/core/public-api","[gah]Thispropertywasgeneratedbygah"],"@awdware/shared":["src/app/.gah/dependencies/shared/public-api","[gah]Thispropertywasgeneratedbygah"],"@awdware/led":["src/app/.gah/dependencies/led/public-api","[gah]Thispropertywasgeneratedbygah"],"@awdware/blog":["src/app/.gah/dependencies/blog/public-api","[gah]Thispropertywasgeneratedbygah"]}},"angularCompilerOptions":{"fullTemplateTypeCheck":true,"strictInjectionParameters":true}}' to be '/*Tolearnmoreaboutthisfilesee:https://angular.io/config/tsconfig.*/{"compileOnSave":false,"compilerOptions":{"baseUrl":"./","outDir":"./dist/out-tsc","sourceMap":true,"declaration":false,"downlevelIteration":true,"resolveJsonModule":true,"esModuleInterop":true,"experimentalDecorators":true,"module":"es2020","moduleResolution":"node","importHelpers":true,"target":"es2015","lib":["es2018","dom"]},"angularCompilerOptions":{"fullTemplateTypeCheck":true,"strictInjectionParameters":true}}'
    at Assertion.fail (node_modules\should\cjs\should.js:275:17)
    at Assertion.value (node_modules\should\cjs\should.js:356:19)
    at GahHelper.compareHost (src\helper\gah-helper.ts:96:30)
    at Context.<anonymous> (src\tests\gah.spec.ts:35:5)]]></failure>
    </testcase>
    <testcase name="Basic Tests 2_check-plugin-updates-none-installed" time="4.8180" classname="2_check-plugin-updates-none-installed">
    </testcase>
    <testcase name="Basic Tests 3_check-plugin-updates-no-updates" time="5.4760" classname="3_check-plugin-updates-no-updates">
    </testcase>
    <testcase name="Basic Tests 4_check-plugin-updates-found-updates" time="6.4060" classname="4_check-plugin-updates-found-updates">
    </testcase>
  </testsuite>
</testsuites>